// Jest Snapshot v1, https://goo.gl/fbAQLP

exports[`Store Editing Templates Single Product block template should contain the "WooCommerce Single Product Block" legacy template 1`] = `
"<!-- wp:template-part {\\"slug\\":\\"header\\",\\"theme\\":\\"emptytheme\\"} /-->

<!-- wp:group {\\"layout\\":{\\"inherit\\":true}} -->
<div class=\\"wp-block-group\\"><!-- wp:woocommerce/legacy-template /--></div>
<!-- /wp:group -->

<!-- wp:template-part {\\"slug\\":\\"footer\\",\\"theme\\":\\"emptytheme\\"} /-->"
`;
